[    0.000000] Initializing cgroup subsys cpuset
[    0.000000] Initializing cgroup subsys cpu
[    0.000000] Initializing cgroup subsys cpuacct
[    0.000000] Linux version 4.4.0-174-generic (buildd@lcy01-amd64-027) (gcc version 5.4.0 20160609 (Ubuntu 5.4.0-6ubuntu1~16.04.12) ) #204-Ubuntu SMP Wed Jan 29 06:41:01 UTC 2020 (Ubuntu 4.4.0-174.204-generic 4.4.211)
[    0.000000] Command line: BOOT_IMAGE=/boot/vmlinuz-4.4.0-174-generic root=LABEL=cloudimg-rootfs ro console=tty1 console=ttyS0
[    0.000000] KERNEL supported cpus:
[    0.000000]   Intel GenuineIntel
[    0.000000]   AMD AuthenticAMD
[    0.000000]   Centaur CentaurHauls
[    0.000000] x86/fpu: xstate_offset[2]:  576, xstate_sizes[2]:  256
[    0.000000] x86/fpu: Supporting XSAVE feature 0x01: 'x87 floating point registers'
[    0.000000] x86/fpu: Supporting XSAVE feature 0x02: 'SSE registers'
[    0.000000] x86/fpu: Supporting XSAVE feature 0x04: 'AVX registers'
[    0.000000] x86/fpu: Enabled xstate features 0x7, context size is 832 bytes, using 'standard' format.
[    0.000000] e820: BIOS-provided physical RAM map:
[    0.000000] BIOS-e820: [mem 0x0000000000000000-0x000000000009fbff] usable
[    0.000000] BIOS-e820: [mem 0x000000000009fc00-0x000000000009ffff] reserved
[    0.000000] BIOS-e820: [mem 0x00000000000f0000-0x00000000000fffff] reserved
[    0.000000] BIOS-e820: [mem 0x0000000000100000-0x000000003ffeffff] usable
[    0.000000] BIOS-e820: [mem 0x000000003fff0000-0x000000003fffffff] ACPI data
[    0.000000] BIOS-e820: [mem 0x00000000fec00000-0x00000000fec00fff] reserved
[    0.000000] BIOS-e820: [mem 0x00000000fee00000-0x00000000fee00fff] reserved
[    0.000000] BIOS-e820: [mem 0x00000000fffc0000-0x00000000ffffffff] reserved
[    0.000000] NX (Execute Disable) protection: active
[    0.000000] SMBIOS 2.5 present.
[    0.000000] Hypervisor detected: KVM
[    0.000000] e820: last_pfn = 0x3fff0 max_arch_pfn = 0x400000000
[    0.000000] MTRR: Disabled
[    0.000000] x86/PAT: MTRRs disabled, skipping PAT initialization too.
[    0.000000] CPU MTRRs all blank - virtualized system.
[    0.000000] x86/PAT: Configuration [0-7]: WB  WT  UC- UC  WB  WT  UC- UC  
[    0.000000] found SMP MP-table at [mem 0x0009fff0-0x0009ffff] mapped at [ffff88000009fff0]
[    0.000000] Scanning 1 areas for low memory corruption
[    0.000000] RAMDISK: [mem 0x362e0000-0x37167fff]
[    0.000000] ACPI: Early table checksum verification disabled
[    0.000000] ACPI: RSDP 0x00000000000E0000 000024 (v02 VBOX  )
[    0.000000] ACPI: XSDT 0x000000003FFF0030 00003C (v01 VBOX   VBOXXSDT 00000001 ASL  00000061)
[    0.000000] ACPI: FACP 0x000000003FFF00F0 0000F4 (v04 VBOX   VBOXFACP 00000001 ASL  00000061)
[    0.000000] ACPI: DSDT 0x000000003FFF0470 002325 (v02 VBOX   VBOXBIOS 00000002 INTL 20100528)
[    0.000000] ACPI: FACS 0x000000003FFF0200 000040
[    0.000000] ACPI: FACS 0x000000003FFF0200 000040
[    0.000000] ACPI: APIC 0x000000003FFF0240 00005C (v02 VBOX   VBOXAPIC 00000001 ASL  00000061)
[    0.000000] ACPI: SSDT 0x000000003FFF02A0 0001CC (v01 VBOX   VBOXCPUT 00000002 INTL 20100528)
[    0.000000] No NUMA configuration found
[    0.000000] Faking a node at [mem 0x0000000000000000-0x000000003ffeffff]
[    0.000000] NODE_DATA(0) allocated [mem 0x3ffeb000-0x3ffeffff]
[    0.000000] kvm-clock: Using msrs 4b564d01 and 4b564d00
[    0.000000] kvm-clock: cpu 0, msr 0:3ffe3001, primary cpu clock
[    0.000000] kvm-clock: using sched offset of 4178818039 cycles
[    0.000000] clocksource: kvm-clock: mask: 0xffffffffffffffff max_cycles: 0x1cd42e4dffb, max_idle_ns: 881590591483 ns
[    0.000000] Zone ranges:
[    0.000000]   DMA      [mem 0x0000000000001000-0x0000000000ffffff]
[    0.000000]   DMA32    [mem 0x0000000001000000-0x000000003ffeffff]
[    0.000000]   Normal   empty
[    0.000000]   Device   empty
[    0.000000] Movable zone start for each node
[    0.000000] Early memory node ranges
[    0.000000]   node   0: [mem 0x0000000000001000-0x000000000009efff]
[    0.000000]   node   0: [mem 0x0000000000100000-0x000000003ffeffff]
[    0.000000] Initmem setup node 0 [mem 0x0000000000001000-0x000000003ffeffff]
[    0.000000] ACPI: PM-Timer IO Port: 0x4008
[    0.000000] IOAPIC[0]: apic_id 2, version 32, address 0xfec00000, GSI 0-23
[    0.000000] ACPI: INT_SRC_OVR (bus 0 bus_irq 0 global_irq 2 dfl dfl)
[    0.000000] ACPI: INT_SRC_OVR (bus 0 bus_irq 9 global_irq 9 low level)
[    0.000000] Using ACPI (MADT) for SMP configuration information
[    0.000000] smpboot: Allowing 2 CPUs, 0 hotplug CPUs
[    0.000000] PM: Registered nosave memory: [mem 0x00000000-0x00000fff]
[    0.000000] PM: Registered nosave memory: [mem 0x0009f000-0x0009ffff]
[    0.000000] PM: Registered nosave memory: [mem 0x000a0000-0x000effff]
[    0.000000] PM: Registered nosave memory: [mem 0x000f0000-0x000fffff]
[    0.000000] e820: [mem 0x40000000-0xfebfffff] available for PCI devices
[    0.000000] Booting paravirtualized kernel on KVM
[    0.000000] clocksource: refined-jiffies: mask: 0xffffffff max_cycles: 0xffffffff, max_idle_ns: 7645519600211568 ns
[    0.000000] setup_percpu: NR_CPUS:512 nr_cpumask_bits:512 nr_cpu_ids:2 nr_node_ids:1
[    0.000000] PERCPU: Embedded 33 pages/cpu @ffff88003fc00000 s95448 r8192 d31528 u1048576
[    0.000000] Built 1 zonelists in Node order, mobility grouping on.  Total pages: 257912
[    0.000000] Policy zone: DMA32
[    0.000000] Kernel command line: BOOT_IMAGE=/boot/vmlinuz-4.4.0-174-generic root=LABEL=cloudimg-rootfs ro console=tty1 console=ttyS0
[    0.000000] PID hash table entries: 4096 (order: 3, 32768 bytes)
[    0.000000] Memory: 997672K/1048120K available (8626K kernel code, 1336K rwdata, 4032K rodata, 1488K init, 1292K bss, 50448K reserved, 0K cma-reserved)
[    0.000000] SLUB: HWalign=64, Order=0-3, MinObjects=0, CPUs=2, Nodes=1
[    0.000000] Kernel/User page tables isolation: enabled
[    0.000000] Hierarchical RCU implementation.
[    0.000000] 	Build-time adjustment of leaf fanout to 64.
[    0.000000] 	RCU restricting CPUs from NR_CPUS=512 to nr_cpu_ids=2.
[    0.000000] RCU: Adjusting geometry for rcu_fanout_leaf=64, nr_cpu_ids=2
[    0.000000] NR_IRQS:33024 nr_irqs:440 16
[    0.000000] Console: colour VGA+ 80x25
[    0.000000] console [tty1] enabled
[    0.000000] console [ttyS0] enabled
[    0.000000] tsc: Detected 1607.999 MHz processor
[    0.255990] Calibrating delay loop (skipped) preset value.. 3215.99 BogoMIPS (lpj=6431996)
[    0.267517] pid_max: default: 32768 minimum: 301
[    0.269468] ACPI: Core revision 20150930
[    0.271782] ACPI: 2 ACPI AML tables successfully acquired and loaded
[    0.275597] Security Framework initialized
[    0.277485] Yama: becoming mindful.
[    0.278642] AppArmor: AppArmor initialized
[    0.280368] Dentry cache hash table entries: 131072 (order: 8, 1048576 bytes)
[    0.284860] Inode-cache hash table entries: 65536 (order: 7, 524288 bytes)
[    0.287002] Mount-cache hash table entries: 2048 (order: 2, 16384 bytes)
[    0.289168] Mountpoint-cache hash table entries: 2048 (order: 2, 16384 bytes)
[    0.293883] Initializing cgroup subsys io
[    0.295687] Initializing cgroup subsys memory
[    0.297650] Initializing cgroup subsys devices
[    0.299108] Initializing cgroup subsys freezer
[    0.300879] Initializing cgroup subsys net_cls
[    0.302229] Initializing cgroup subsys perf_event
[    0.303748] Initializing cgroup subsys net_prio
[    0.305742] Initializing cgroup subsys hugetlb
[    0.307482] Initializing cgroup subsys pids
[    0.310563] mce: CPU supports 0 MCE banks
[    0.311726] Last level iTLB entries: 4KB 64, 2MB 8, 4MB 8
[    0.313779] Last level dTLB entries: 4KB 64, 2MB 0, 4MB 0, 1GB 4
[    0.316246] Spectre V1 : Mitigation: usercopy/swapgs barriers and __user pointer sanitization
[    0.318401] Spectre V2 : Mitigation: Full generic retpoline
[    0.320599] Spectre V2 : Spectre v2 / SpectreRSB mitigation: Filling RSB on context switch
[    0.323838] Speculative Store Bypass: Vulnerable
[    0.325128] MDS: Mitigation: Clear CPU buffers
[    0.329630] Freeing SMP alternatives memory: 36K
[    0.337949] ftrace: allocating 32305 entries in 127 pages
[    0.406796] smpboot: APIC(0) Converting physical 0 to logical package 0
[    0.409304] smpboot: Max logical packages: 1
[    0.411410] x2apic enabled
[    0.412432] Switched APIC routing to physical x2apic.
[    0.414747] ..TIMER: vector=0x30 apic1=0 pin1=2 apic2=-1 pin2=-1
[    0.524958] smpboot: CPU0: Intel(R) Core(TM) i5-8210Y CPU @ 1.60GHz (family: 0x6, model: 0x8e, stepping: 0x9)
[    0.528330] Performance Events: unsupported p6 CPU model 142 no PMU driver, software events only.
[    0.544601] KVM setup paravirtual spinlock
[    0.546715] x86: Booting SMP configuration:
[    0.547783] .... node  #0, CPUs:      #1
[    0.549484] kvm-clock: cpu 1, msr 0:3ffe3041, secondary cpu clock
[    0.563519] mce: CPU supports 0 MCE banks
[    0.566598] x86: Booted up 1 node, 2 CPUs
[    0.567725] smpboot: Total of 2 processors activated (6431.99 BogoMIPS)
[    0.569758] devtmpfs: initialized
[    0.572297] evm: security.selinux
[    0.574756] evm: security.SMACK64
[    0.575701] evm: security.SMACK64EXEC
[    0.576697] evm: security.SMACK64TRANSMUTE
[    0.578020] evm: security.SMACK64MMAP
[    0.579102] evm: security.ima
[    0.579989] evm: security.capability
[    0.581315] clocksource: jiffies: mask: 0xffffffff max_cycles: 0xffffffff, max_idle_ns: 7645041785100000 ns
[    0.583517] futex hash table entries: 512 (order: 3, 32768 bytes)
[    0.585132] pinctrl core: initialized pinctrl subsystem
[    0.586452] RTC time: 22:14:20, date: 04/29/20
[    0.588028] NET: Registered protocol family 16
[    0.601012] cpuidle: using governor ladder
[    0.613257] cpuidle: using governor menu
[    0.615445] PCCT header not found.
[    0.616848] ACPI: bus type PCI registered
[    0.618306] acpiphp: ACPI Hot Plug PCI Controller Driver version: 0.5
[    0.620425] PCI: Using configuration type 1 for base access
[    0.635408] ACPI: Added _OSI(Module Device)
[    0.636930] ACPI: Added _OSI(Processor Device)
[    0.638439] ACPI: Added _OSI(3.0 _SCP Extensions)
[    0.641534] ACPI: Added _OSI(Processor Aggregator Device)
[    0.644142] ACPI: Executed 1 blocks of module-level executable AML code
[    0.648705] ACPI: Interpreter enabled
[    0.649792] ACPI: (supports S0 S5)
[    0.655060] ACPI: Using IOAPIC for interrupt routing
[    0.656989] PCI: Using host bridge windows from ACPI; if necessary, use "pci=nocrs" and report a bug
[    0.664245] ACPI: PCI Root Bridge [PCI0] (domain 0000 [bus 00-ff])
[    0.666036] acpi PNP0A03:00: _OSC: OS supports [ASPM ClockPM Segments MSI]
[    0.667986] acpi PNP0A03:00: _OSC: not requesting OS control; OS requires [ExtendedConfig ASPM ClockPM MSI]
[    0.670472] acpi PNP0A03:00: fail to add MMCONFIG information, can't access extended PCI configuration space under this bridge.
[    0.673735] PCI host bridge to bus 0000:00
[    0.675210] pci_bus 0000:00: root bus resource [io  0x0000-0x0cf7 window]
[    0.677010] pci_bus 0000:00: root bus resource [io  0x0d00-0xffff window]
[    0.678515] pci_bus 0000:00: root bus resource [mem 0x000a0000-0x000bffff window]
[    0.680356] pci_bus 0000:00: root bus resource [mem 0x40000000-0xfdffffff window]
[    0.682504] pci_bus 0000:00: root bus resource [bus 00-ff]
[    0.686879] pci 0000:00:01.1: legacy IDE quirk: reg 0x10: [io  0x01f0-0x01f7]
[    0.688403] pci 0000:00:01.1: legacy IDE quirk: reg 0x14: [io  0x03f6]
[    0.691528] pci 0000:00:01.1: legacy IDE quirk: reg 0x18: [io  0x0170-0x0177]
[    0.693298] pci 0000:00:01.1: legacy IDE quirk: reg 0x1c: [io  0x0376]
[    0.719434] pci 0000:00:07.0: quirk: [io  0x4000-0x403f] claimed by PIIX4 ACPI
[    0.721536] pci 0000:00:07.0: quirk: [io  0x4100-0x410f] claimed by PIIX4 SMB
[    0.733514] ACPI: PCI Interrupt Link [LNKA] (IRQs 5 9 10 *11)
[    0.735816] ACPI: PCI Interrupt Link [LNKB] (IRQs 5 9 *10 11)
[    0.737947] ACPI: PCI Interrupt Link [LNKC] (IRQs 5 *9 10 11)
[    0.741091] ACPI: PCI Interrupt Link [LNKD] (IRQs 5 9 10 *11)
[    0.742968] ACPI: Enabled 2 GPEs in block 00 to 07
[    0.744601] vgaarb: setting as boot device: PCI:0000:00:02.0
[    0.746446] vgaarb: device added: PCI:0000:00:02.0,decodes=io+mem,owns=io+mem,locks=none
[    0.748492] vgaarb: loaded
[    0.749239] vgaarb: bridge control possible 0000:00:02.0
[    0.750764] SCSI subsystem initialized
[    0.751871] ACPI: bus type USB registered
[    0.761558] usbcore: registered new interface driver usbfs
[    0.763486] usbcore: registered new interface driver hub
[    0.765532] usbcore: registered new device driver usb
[    0.768360] PCI: Using ACPI for IRQ routing
[    0.771829] NetLabel: Initializing
[    0.774235] NetLabel:  domain hash size = 128
[    0.775397] NetLabel:  protocols = UNLABELED CIPSOv4
[    0.776787] NetLabel:  unlabeled traffic allowed by default
[    0.778683] amd_nb: Cannot enumerate AMD northbridges
[    0.780275] clocksource: Switched to clocksource kvm-clock
[    0.790300] AppArmor: AppArmor Filesystem Enabled
[    0.792131] pnp: PnP ACPI init
[    0.794410] pnp: PnP ACPI: found 3 devices
[    0.804847] clocksource: acpi_pm: mask: 0xffffff max_cycles: 0xffffff, max_idle_ns: 2085701024 ns
[    0.810648] NET: Registered protocol family 2
[    0.812074] TCP established hash table entries: 8192 (order: 4, 65536 bytes)
[    0.813837] TCP bind hash table entries: 8192 (order: 5, 131072 bytes)
[    0.815640] TCP: Hash tables configured (established 8192 bind 8192)
[    0.817626] UDP hash table entries: 512 (order: 2, 16384 bytes)
[    0.819065] UDP-Lite hash table entries: 512 (order: 2, 16384 bytes)
[    0.820636] NET: Registered protocol family 1
[    0.821828] pci 0000:00:00.0: Limiting direct PCI/PCI transfers
[    0.823326] pci 0000:00:01.0: Activating ISA DMA hang workarounds
[    0.828688] Unpacking initramfs...
[    1.147781] Freeing initrd memory: 14880K
[    1.149672] clocksource: tsc: mask: 0xffffffffffffffff max_cycles: 0x172da94f0e2, max_idle_ns: 440795278248 ns
[    1.153208] platform rtc_cmos: registered platform RTC device (no PNP device found)
[    1.155134] Scanning for low memory corruption every 60 seconds
[    1.157812] audit: initializing netlink subsys (disabled)
[    1.160648] audit: type=2000 audit(1588198466.633:1): initialized
[    1.166323] Initialise system trusted keyring
[    1.168042] HugeTLB registered 2 MB page size, pre-allocated 0 pages
[    1.171450] zbud: loaded
[    1.172807] VFS: Disk quotas dquot_6.6.0
[    1.174194] VFS: Dquot-cache hash table entries: 512 (order 0, 4096 bytes)
[    1.177450] squashfs: version 4.0 (2009/01/31) Phillip Lougher
[    1.179605] fuse init (API version 7.23)
[    1.181133] Key type big_key registered
[    1.182122] Allocating IMA MOK and blacklist keyrings.
[    1.184609] Key type asymmetric registered
[    1.186430] Asymmetric key parser 'x509' registered
[    1.187658] Block layer SCSI generic (bsg) driver version 0.4 loaded (major 249)
[    1.189673] io scheduler noop registered
[    1.191151] io scheduler deadline registered (default)
[    1.193524] io scheduler cfq registered
[    1.195660] pci_hotplug: PCI Hot Plug PCI Core version: 0.5
[    1.197731] pciehp: PCI Express Hot Plug Controller Driver version: 0.4
[    1.199648] ACPI: AC Adapter [AC] (off-line)
[    1.201212] input: Power Button as /devices/LNXSYSTM:00/LNXPWRBN:00/input/input0
[    1.204264] ACPI: Power Button [PWRF]
[    1.207466] input: Sleep Button as /devices/LNXSYSTM:00/LNXSLPBN:00/input/input1
[    1.212051] ACPI: Sleep Button [SLPF]
[    1.214995] ACPI: Battery Slot [BAT0] (battery present)
[    1.216659] GHES: HEST is not enabled!
[    1.218553] Serial: 8250/16550 driver, 32 ports, IRQ sharing enabled
[    1.243910] 00:02: ttyS0 at I/O 0x3f8 (irq = 4, base_baud = 115200) is a 16550A
[    1.247926] Linux agpgart interface v0.103
[    1.253618] loop: module loaded
[    1.260274] scsi host0: ata_piix
[    1.268775] scsi host1: ata_piix
[    1.270645] ata1: PATA max UDMA/33 cmd 0x1f0 ctl 0x3f6 bmdma 0xd000 irq 14
[    1.273042] ata2: PATA max UDMA/33 cmd 0x170 ctl 0x376 bmdma 0xd008 irq 15
[    1.279059] libphy: Fixed MDIO Bus: probed
[    1.280900] tun: Universal TUN/TAP device driver, 1.6
[    1.284933] tun: (C) 1999-2004 Max Krasnyansky <maxk@qualcomm.com>
[    1.287465] PPP generic driver version 2.4.2
[    1.290888] ehci_hcd: USB 2.0 'Enhanced' Host Controller (EHCI) Driver
[    1.294710] ehci-pci: EHCI PCI platform driver
[    1.297052] ehci-platform: EHCI generic platform driver
[    1.299172] ohci_hcd: USB 1.1 'Open' Host Controller (OHCI) Driver
[    1.302530] ohci-pci: OHCI PCI platform driver
[    1.304422] ohci-platform: OHCI generic platform driver
[    1.309450] uhci_hcd: USB Universal Host Controller Interface driver
[    1.311638] i8042: PNP: PS/2 Controller [PNP0303:PS2K,PNP0f03:PS2M] at 0x60,0x64 irq 1,12
[    1.315797] serio: i8042 KBD port at 0x60,0x64 irq 1
[    1.318299] serio: i8042 AUX port at 0x60,0x64 irq 12
[    1.320507] mousedev: PS/2 mouse device common for all mice
[    1.326704] rtc_cmos rtc_cmos: rtc core: registered rtc_cmos as rtc0
[    1.328899] input: AT Translated Set 2 keyboard as /devices/platform/i8042/serio0/input/input2
[    1.331885] rtc_cmos rtc_cmos: alarms up to one day, 114 bytes nvram
[    1.335682] i2c /dev entries driver
[    1.337488] device-mapper: uevent: version 1.0.3
[    1.338796] device-mapper: ioctl: 4.34.0-ioctl (2015-10-28) initialised: dm-devel@redhat.com
[    1.344820] ledtrig-cpu: registered to indicate activity on CPUs
[    1.347632] NET: Registered protocol family 10
[    1.350538] NET: Registered protocol family 17
[    1.352607] Key type dns_resolver registered
[    1.354402] registered taskstats version 1
[    1.355853] Loading compiled-in X.509 certificates
[    1.359125] Loaded X.509 cert 'Build time autogenerated kernel key: 2501974cc66248a18f8fa54aaac948a5171f77fb'
[    1.362092] zswap: loaded using pool lzo/zbud
[    1.366664] Key type trusted registered
[    1.372604] Key type encrypted registered
[    1.376807] AppArmor: AppArmor sha1 policy hashing enabled
[    1.378652] ima: No TPM chip found, activating TPM-bypass!
[    1.380086] ima: Allocated hash algorithm: sha1
[    1.382032] evm: HMAC attrs: 0x1
[    1.384120]   Magic number: 0:670:250
[    1.385571] rtc_cmos rtc_cmos: setting system clock to 2020-04-29 22:14:21 UTC (1588198461)
[    1.387921] BIOS EDD facility v0.16 2004-Jun-25, 0 devices found
[    1.390629] EDD information not available.
[    1.459279] Freeing unused kernel memory: 1488K
[    1.461148] Write protecting the kernel read-only data: 14336k
[    1.463660] Freeing unused kernel memory: 1604K
[    1.469086] Freeing unused kernel memory: 64K
Loading, please wait...
starting version 229
[    1.491165] random: udevadm: uninitialized urandom read (16 bytes read, 3 bits of entropy available)
[    1.496123] random: systemd-udevd: uninitialized urandom read (16 bytes read, 3 bits of entropy available)
[    1.496196] random: systemd-udevd: uninitialized urandom read (16 bytes read, 3 bits of entropy available)
[    1.496208] random: systemd-udevd: uninitialized urandom read (16 bytes read, 3 bits of entropy available)
[    1.496221] random: systemd-udevd: uninitialized urandom read (16 bytes read, 3 bits of entropy available)
[    1.513092] random: udevadm: uninitialized urandom read (16 bytes read, 3 bits of entropy available)
[    1.525002] random: systemd-udevd: uninitialized urandom read (16 bytes read, 3 bits of entropy available)
[    1.528208] random: udevadm: uninitialized urandom read (16 bytes read, 3 bits of entropy available)
[    1.528253] random: udevadm: uninitialized urandom read (16 bytes read, 3 bits of entropy available)
[    1.528388] random: udevadm: uninitialized urandom read (16 bytes read, 3 bits of entropy available)
[    1.583868] e1000: Intel(R) PRO/1000 Network Driver - version 7.3.21-k8-NAPI
[    1.586013] e1000: Copyright (c) 1999-2006 Intel Corporation.
[    1.590260] Fusion MPT base driver 3.04.20
[    1.591710] Copyright (c) 1999-2008 LSI Corporation
[    1.603303] Fusion MPT SPI Host driver 3.04.20
[    1.610896] AVX2 version of gcm_enc/dec engaged.
[    1.612118] AES CTR mode by8 optimization enabled
[    1.798676] input: ImExPS/2 Generic Explorer Mouse as /devices/platform/i8042/serio1/input/input4
[    2.013999] e1000 0000:00:03.0 eth0: (PCI:33MHz:32-bit) 02:1b:c5:10:6b:e2
[    2.020339] e1000 0000:00:03.0 eth0: Intel(R) PRO/1000 Network Connection
[    2.422943] e1000 0000:00:08.0 eth1: (PCI:33MHz:32-bit) 08:00:27:68:8b:48
[    2.425236] e1000 0000:00:08.0 eth1: Intel(R) PRO/1000 Network Connection
[    2.428246] mptbase: ioc0: Initiating bringup
[    2.428615] e1000 0000:00:03.0 enp0s3: renamed from eth0
[    2.442147] e1000 0000:00:08.0 enp0s8: renamed from eth1
[    2.725197] ioc0: LSI53C1030 A0: Capabilities={Initiator}
[    4.578934] scsi host2: ioc0: LSI53C1030 A0, FwRev=00000000h, Ports=1, MaxQ=256, IRQ=20
[    6.209051] scsi 2:0:0:0: Direct-Access     VBOX     HARDDISK         1.0  PQ: 0 ANSI: 5
[    6.213156] scsi target2:0:0: Beginning Domain Validation
[    6.222355] scsi target2:0:0: Domain Validation skipping write tests
[    6.225053] scsi target2:0:0: Ending Domain Validation
[    6.226755] scsi target2:0:0: asynchronous
[    6.229973] scsi 2:0:1:0: Direct-Access     VBOX     HARDDISK         1.0  PQ: 0 ANSI: 5
[    6.237889] scsi target2:0:1: Beginning Domain Validation
[    6.257103] scsi target2:0:1: Domain Validation skipping write tests
[    6.259648] scsi target2:0:1: Ending Domain Validation
[    6.262168] scsi target2:0:1: asynchronous
[    6.281678] sd 2:0:0:0: Attached scsi generic sg0 type 0
[    6.286645] sd 2:0:0:0: [sda] 20971520 512-byte logical blocks: (10.7 GB/10.0 GiB)
[    6.290777] sd 2:0:0:0: [sda] Write Protect is off
[    6.292739] sd 2:0:0:0: [sda] Incomplete mode parameter data
[    6.294361] sd 2:0:0:0: [sda] Assuming drive cache: write through
[    6.297733] sd 2:0:1:0: [sdb] 20480 512-byte logical blocks: (10.5 MB/10.0 MiB)
[    6.304084] sd 2:0:1:0: Attached scsi generic sg1 type 0
[    6.306888] sd 2:0:1:0: [sdb] Write Protect is off
[    6.308929] sd 2:0:1:0: [sdb] Incomplete mode parameter data
[    6.310518] sd 2:0:1:0: [sdb] Assuming drive cache: write through
[    6.313130]  sda: sda1
[    6.317357] sd 2:0:0:0: [sda] Attached SCSI disk
[    6.320647] sd 2:0:1:0: [sdb] Attached SCSI disk
Begin: Loading essential drivers ... [    7.680765] md: linear personality registered for level -1
[    7.686331] md: multipath personality registered for level -4
[    7.690680] md: raid0 personality registered for level 0
[    7.696396] md: raid1 personality registered for level 1
[    7.770384] raid6: sse2x1   gen()  7289 MB/s
[    7.840432] raid6: sse2x1   xor()  4195 MB/s
[    7.908509] raid6: sse2x2   gen() 10891 MB/s
[    7.976789] raid6: sse2x2   xor()  9405 MB/s
[    8.045540] raid6: sse2x4   gen() 15500 MB/s
[    8.112913] raid6: sse2x4   xor()  9995 MB/s
[    8.185676] raid6: avx2x1   gen() 18214 MB/s
[    8.253403] raid6: avx2x2   gen() 23436 MB/s
[    8.321650] raid6: avx2x4   gen() 24427 MB/s
[    8.323762] raid6: using algorithm avx2x4 gen() 24427 MB/s
[    8.325655] raid6: using avx2x2 recovery algorithm
[    8.328060] xor: automatically using best checksumming function:
[    8.368486]    avx       : 25579.000 MB/sec
[    8.371339] async_tx: api initialized (async)
[    8.380705] md: raid6 personality registered for level 6
[    8.382067] md: raid5 personality registered for level 5
[    8.383288] md: raid4 personality registered for level 4
[    8.392623] md: raid10 personality registered for level 10
done.
Begin: Running /scripts/init-premount ... done.
Begin: Mounting root file system ... Begin: Running /scripts/local-top ... done.
Begin: Running /scripts/local-premount ... [    8.425004] Btrfs loaded
Scanning for Btrfs filesystems
done.
Warning: fsck not present, so skipping root file system
[    8.471037] EXT4-fs (sda1): mounted filesystem with ordered data mode. Opts: (null)
done.
Begin: Running /scripts/local-bottom ... done.
Begin: Running /scripts/init-bottom ... done.
[    8.643200] systemd[1]: systemd 229 running in system mode. (+PAM +AUDIT +SELINUX +IMA +APPARMOR +SMACK +SYSVINIT +UTMP +LIBCRYPTSETUP +GCRYPT +GNUTLS +ACL +XZ -LZ4 +SECCOMP +BLKID +ELFUTILS +KMOD -IDN)
[    8.648518] systemd[1]: Detected virtualization oracle.
[    8.649786] systemd[1]: Detected architecture x86-64.

Welcome to [1mUbuntu 16.04.6 LTS[0m!

[    8.707163] systemd[1]: Set hostname to <ubuntu>.
[    8.717319] systemd[1]: Initializing machine ID from random generator.
[    8.719799] systemd[1]: Installed transient /etc/machine-id file.
[    9.028701] systemd[1]: Created slice User and Session Slice.
[[0;32m  OK  [0m] Created slice User and Session Slice.
[    9.032609] systemd[1]: Listening on Journal Socket.
[[0;32m  OK  [0m] Listening on Journal Socket.
[    9.153193] systemd[1]: Listening on Device-mapper event daemon FIFOs.
[[0;32m  OK  [0m] Listening on Device-mapper event daemon FIFOs.
[    9.158447] systemd[1]: Reached target User and Group Name Lookups.
[[0;32m  OK  [0m] Reached target User and Group Name Lookups.
[    9.162146] systemd[1]: Listening on udev Control Socket.
[[0;32m  OK  [0m] Listening on udev Control Socket.
[    9.812433] systemd[1]: Reached target System Time Synchronized.
[[0;32m  OK  [0m] Reached target System Time Synchronized.
[   10.104528] systemd[1]: Created slice System Slice.
[[0;32m  OK  [0m] Created slice System Slice.
[   10.109325] systemd[1]: Set up automount Arbitrary Executable File Formats File System Automount Point.
[[0;32m  OK  [0m] Set up automount Arbitrary Executab...ats File System Automount Point.
[   10.128649] systemd[1]: Mounting Huge Pages File System...
         Mounting Huge Pages File System...
[   10.135837] systemd[1]: Listening on LVM2 poll daemon socket.
[[0;32m  OK  [0m] Listening on LVM2 poll daemon socket.
[   10.139800] systemd[1]: Started Forward Password Requests to Wall Directory Watch.
[[0;32m  OK  [0m] Started Forward Password Requests to Wall Directory Watch.
[   10.143734] systemd[1]: Reached target Slices.
[[0;32m  OK  [0m] Reached target Slices.
[   10.146622] systemd[1]: Reached target Encrypted Volumes.
[[0;32m  OK  [0m] Reached target Encrypted Volumes.
[   10.151126] systemd[1]: Listening on Syslog Socket.
[[0;32m  OK  [0m] Listening on Syslog Socket.
[   10.154262] systemd[1]: Listening on Journal Socket (/dev/log).
[[0;32m  OK  [0m] Listening on Journal Socket (/dev/log).
[   10.180610] systemd[1]: Mounting Debug File System...
         Mounting Debug File System...
[   10.189302] systemd[1]: Starting Load Kernel Modules...
         Starting Load Kernel Modules...
[   10.193024] systemd[1]: Listening on udev Kernel Socket.
[[0;32m  OK  [0m] Listening on udev Kernel Socket.
[   10.197291] systemd[1]: Starting Remount Root and Kernel File Systems...
         Starting Remount Root and Kernel File Systems...
[   10.203111] systemd[1]: Listening on Journal Audit Socket.
[[   10.206223] EXT4-fs (sda1): re-mounted. Opts: (null)
[0;32m  OK  [0m] Listening on Journal Audit Socket.
[   10.209445] Loading iSCSI transport class v2.0-870.
[   10.209582] systemd[1]: Starting Journal Service...
         Starting Journal Service...
[   10.218055] systemd[1]: Starting Set console keymap...
         Starting Set console keymap...
[   10.222476] systemd[1]: Mounting POSIX Message Queue File System...
         Mounting POSIX Message Queue File System...
[   10.226128] systemd[1]: Listening on LVM2 metadata daemon socket.
[[0;32m  OK  [0m] Listening on LVM2 metadata daemon socket.
[   10.230712] systemd[1]: Starting Create list of required static device nodes for the current kernel...
         Starting Create list of required st... nodes for the current kernel...
[   10.236666] systemd[1]: Started Trigger resolvconf update for networkd DNS.
[   10.236853] iscsi: registered transport (tcp)
[[0;32m  OK  [0m] Started Trigger resolvconf update for networkd DNS.
[   10.247054] systemd[1]: Listening on /dev/initctl Compatibility Named Pipe.
[[0;32m  OK  [0m] Listening on /dev/initctl Compatibility Named Pipe.
[   10.268524] systemd[1]: Starting Uncomplicated firewall...
         Starting Uncomplicated firewall...
[   10.272488] systemd[1]: Starting Nameserver information manager...
         Starting Nameserver information manager...
[   10.278629] systemd[1]: Created slice system-serial\x2dgetty.slice.
[[0;32m  OK  [0m] Created slice system-serial\x2dgetty.slice.
[   10.284132] systemd[1]: Starting Monitoring of LVM2 mirrors, snapshots etc. using dmeventd or progress polling...
         Starting Monitoring of LVM2 mirrors... dmeventd or progress polling...
[   10.296626] systemd[1]: Reached target Swap.
[[0;32m  OK  [0m] Reached target Swap.
[   10.306659] systemd[1]: Mounted Debug File System.
[[0;32m  OK  [0m] Mounted Debug File System.
[   10.312240] systemd[1]: Mounted POSIX Message Queue File System.
[[0;32m  OK  [0m] Mounted POSIX Message Queue File System.
[   10.323137] iscsi: registered transport (iser)
[   10.325123] systemd[1]: Mounted Huge Pages File System.
[[0;32m  OK  [0m] Mounted Huge Pages File System.
[   10.327553] systemd[1]: Started Journal Service.
[[0;32m  OK  [0m] Started Journal Service.
[[0;32m  OK  [0m] Started Load Kernel Modules.
[[0;32m  OK  [0m] Started Remount Root and Kernel File Systems.
[[0;32m  OK  [0m] Started Set console keymap.
[[0;32m  OK  [0m] Started Create list of required sta...ce nodes for the current kernel.
[   10.359825] random: nonblocking pool is initialized
[[0;32m  OK  [0m] Started Uncomplicated firewall.
[[0;32m  OK  [0m] Started LVM2 metadata daemon.
         Starting Create Static Device Nodes in /dev...
         Starting Load/Save Random Seed...
         Starting udev Coldplug all Devices...
         Starting Apply Kernel Variables...
         Mounting FUSE Control File System...
         Starting Flush Journal to Persistent Storage...
[[0;32m  OK  [0m] Mounted FUSE Control File System.
[[0;32m  OK  [0m] Started Nameserver information manager.
[[0;32m  OK  [0m] Started Create Static Device Nodes in /dev.
[[0;32m  OK  [0m] Started Load/Save Random Seed.
[[0;32m  OK  [0m] Started Apply Kernel Variables.
         Starting udev Kernel Device Manager...
[[0;32m  OK  [0m] Started Flush Journal to Persistent Storage.
[[0;32m  OK  [0m] Started udev Coldplug all Devices.
[[0;32m  OK  [0m] Started udev Kernel Device Manager.
[[0;32m  OK  [0m] Started Dispatch Password Requests to Console Directory Watch.
[[0;32m  OK  [0m] Found device /dev/ttyS0.
[[0;32m  OK  [0m] Started Monitoring of LVM2 mirrors,...ng dmeventd or progress polling.
[[0;32m  OK  [0m] Reached target Local File Systems (Pre).
[[0;32m  OK  [0m] Reached target Local File Systems.
         Starting LSB: AppArmor initialization...
         Starting Create Volatile Files and Directories...
         Starting Commit a transient machine-id on disk...
         Starting Initial cloud-init job (pre-networking)...
         Starting Tell Plymouth To Write Out Runtime Data...
         Starting Set console font and keymap...
[[0;32m  OK  [0m] Started Create Volatile Files and Directories.
[[0;32m  OK  [0m] Started Commit a transient machine-id on disk.
         Starting Update UTMP about System Boot/Shutdown...
[[0;32m  OK  [0m] Started Tell Plymouth To Write Out Runtime Data.
[[0;32m  OK  [0m] Started Update UTMP about System Boot/Shutdown.
[[0;32m  OK  [0m] Listening on Load/Save RF Kill Switch Status /dev/rfkill Watch.
[[0;32m  OK  [0m] Started LSB: AppArmor initialization.
[   12.624175] cloud-init[532]: Cloud-init v. 19.4-33-gbb4131a2-0ubuntu1~16.04.1 running 'init-local' at Wed, 29 Apr 2020 22:14:32 +0000. Up 11.88 seconds.
[[0;32m  OK  [0m] Started Initial cloud-init job (pre-networking).
[[0;32m  OK  [0m] Reached target Network (Pre).
         Starting Raise network interfaces...
[[0;32m  OK  [0m] Started Set console font and keymap.
[[0;32m  OK  [0m] Created slice system-getty.slice.
[[0;32m  OK  [0m] Started Raise network interfaces.
         Starting Initial cloud-init job (metadata service crawler)...
[[0;32m  OK  [0m] Reached target Network.
[   14.430565] cloud-init[973]: Cloud-init v. 19.4-33-gbb4131a2-0ubuntu1~16.04.1 running 'init' at Wed, 29 Apr 2020 22:14:34 +0000. Up 13.74 seconds.
[   14.441391] cloud-init[973]: ci-info: ++++++++++++++++++++++++++++++++++++++Net device info+++++++++++++++++++++++++++++++++++++++
[   14.453013] cloud-init[973]: ci-info: +--------+-------+----------------------------+---------------+--------+-------------------+
[   14.456584] cloud-init[973]: ci-info: | Device |   Up  |          Address           |      Mask     | Scope  |     Hw-Address    |
[   14.460213] cloud-init[973]: ci-info: +--------+-------+----------------------------+---------------+--------+-------------------+
[   14.470207] cloud-init[973]: ci-info: | enp0s3 |  True |         10.0.2.15          | 255.255.255.0 | global | 02:1b:c5:10:6b:e2 |
[   14.473961] cloud-init[973]: ci-info: | enp0s3 |  True | fe80::1b:c5ff:fe10:6be2/64 |       .       |  link  | 02:1b:c5:10:6b:e2 |
[   14.477608] cloud-init[973]: ci-info: | enp0s8 | False |             .              |       .       |   .    | 08:00:27:68:8b:48 |
[   14.480719] cloud-init[973]: ci-info: |   lo   |  True |         127.0.0.1          |   255.0.0.0   |  host  |         .         |
[   14.490110] cloud-init[973]: ci-info: |   lo   |  True |          ::1/128           |       .       |  host  |         .         |
[   14.502713] cloud-init[973]: ci-info: +--------+-------+----------------------------+---------------+--------+-------------------+
[   14.512903] cloud-init[973]: ci-info: +++++++++++++++++++++++++++Route IPv4 info++++++++++++++++++++++++++++
[   14.518187] cloud-init[973]: ci-info: +-------+-------------+----------+---------------+-----------+-------+
[   14.523788] cloud-init[973]: ci-info: | Route | Destination | Gateway  |    Genmask    | Interface | Flags |
[   14.527512] cloud-init[973]: ci-info: +-------+-------------+----------+---------------+-----------+-------+
[   14.530735] cloud-init[973]: ci-info: |   0   |   0.0.0.0   | 10.0.2.2 |    0.0.0.0    |   enp0s3  |   UG  |
[   14.544571] cloud-init[973]: ci-info: |   1   |   10.0.2.0  | 0.0.0.0  | 255.255.255.0 |   enp0s3  |   U   |
[   14.547891] cloud-init[973]: ci-info: +-------+-------------+----------+---------------+-----------+-------+
[   14.557581] cloud-init[973]: ci-info: +++++++++++++++++++Route IPv6 info+++++++++++++++++++
[   14.561014] cloud-init[973]: ci-info: +-------+-------------+---------+-----------+-------+
[   14.563826] cloud-init[973]: ci-info: | Route | Destination | Gateway | Interface | Flags |
[   14.574209] cloud-init[973]: ci-info: +-------+-------------+---------+-----------+-------+
[[0;32m  OK  [0m] Started Initial cloud-init job (metadata service crawler).
[[0;32m  OK  [0m] Reached target System Initialization.
[[0;32m  OK  [0m] Started Daily Cleanup of Temporary Directories.
[[0;32m  OK  [0m] Started Message of the Day.
[[0;32m  OK  [0m] Listening on D-Bus System Message Bus Socket.
[   14.590567] cloud-init[973]: ci-info: |   0   |  fe80::/64  |    ::   |   enp0s3  |   U   |
[   14.637432] cloud-init[973]: ci-info: |   3   |   ff00::/8  |    ::   |   enp0s3  |   U   |
[   14.644268] cloud-init[973]: ci-info: +-------+-------------+---------+-----------+-------+
[   14.647261] cloud-init[973]: Generating public/private rsa key pair.
[   14.652851] cloud-init[973]: Your identification has been saved in /etc/ssh/ssh_host_rsa_key.
[   14.662309] cloud-init[973]: Your public key has been saved in /etc/ssh/ssh_host_rsa_key.pub.
         Starting LXD - unix socket.
[   14.673940] cloud-init[973]: The key fingerprint is:
[   14.676657] cloud-init[973]: SHA256:mz7O80OlfnbRJPPGF9lZyi8DnfiWNhTo82MdZNshbUg root@ubuntu-xenial
[   14.677868] cloud-init[973]: The key's randomart image is:
[[0;32m  OK  [0m] Listening on ACPID Listen Socket.
[   14.680014] cloud-init[973]: +---[RSA 2048]----+
[   14.687913] cloud-init[973]: |            .Eo  |
[   14.691191] cloud-init[973]: |            .o.*.|
[[0;32m  OK  [0m] Started ACPI Events Check.
[[0;32m  OK  [0m] Reached target Paths.
         Starting Socket activation for snappy daemon.
[   14.703612] cloud-init[973]: |           . +=+O|
[   14.716301] cloud-init[973]: |            * O*+|
[   14.724856] cloud-init[973]: |        S  o * @o|
[   14.731019] cloud-init[973]: |         oo   & O|
[   14.737954] cloud-init[973]: |        oo   + B.|
[   14.740641] cloud-init[973]: |       oo o o .  |
[[0;32m  OK  [0m] Listening on UUID daemon activation socket.
[[0;32m  OK  [0m] Started Daily apt download activities.
[   14.749765] cloud-init[973]: |       .++.+ .   |
[   14.766974] cloud-init[973]: +----[SHA256]-----+
[   14.777021] cloud-init[973]: Generating public/private dsa key pair.
[[0;32m  OK  [0m] Started Daily apt upgrade and clean activities.
[   14.782726] cloud-init[973]: Your identification has been saved in /etc/ssh/ssh_host_dsa_key.
[   14.784221] cloud-init[973]: Your public key has been saved in /etc/ssh/ssh_host_dsa_key.pub.
[   14.784313] cloud-init[973]: The key fingerprint is:
[   14.784353] cloud-init[973]: SHA256:6Aw4LSuMZ0f5B2kxIhldWR+n/dF5izhhn85Z4GKsbYQ root@ubuntu-xenial
[   14.784429] cloud-init[973]: The key's randomart image is:
[   14.784467] cloud-init[973]: +---[DSA 1024]----+
[   14.784544] cloud-init[973]: |  .. ..o. . .    |
[   14.784580] cloud-init[973]: |   o. .  . =   ..|
[   14.784651] cloud-init[973]: |  o . o   oo....o|
[   14.784688] cloud-init[973]: |   + o =  + =.+.o|
[   14.784738] cloud-init[973]: |  + = = SE B =.o |
[   14.784774] cloud-init[973]: |o  = * .  = = o  |
[   14.784836] cloud-init[973]: |o.+ . + .. o +   |
[   14.784872] cloud-init[973]: | + .   .  .      |
[   14.784932] cloud-init[973]: |                 |
[   14.784970] cloud-init[973]: +----[SHA256]-----+
[   14.785032] cloud-init[973]: Generating public/private ecdsa key pair.
[   14.785069] cloud-init[973]: Your identification has been saved in /etc/ssh/ssh_host_ecdsa_key.
[   14.785126] cloud-init[973]: Your public key has been saved in /etc/ssh/ssh_host_ecdsa_key.pub.
[   14.785162] cloud-init[973]: The key fingerprint is:
[   14.785221] cloud-init[973]: SHA256:yIC3iiWHz7L8t6TXBsCXeCRjVtlRP0Ef8506CLzpd+c root@ubuntu-xenial
[   14.785258] cloud-init[973]: The key's randomart image is:
[   14.785316] cloud-init[973]: +---[ECDSA 256]---+
[   14.785354] cloud-init[973]: |    ..o.o..o o   |
[   14.785414] cloud-init[973]: |   * o .. . o + o|
[   14.785449] cloud-init[973]: |  = B .  o o . o.|
[   14.785510] cloud-init[973]: | . = B .  + o .  |
[   14.785546] cloud-init[973]: |o o = o So . o   |
[   14.785609] cloud-init[973]: | B . .  .     .  |
[   14.785646] cloud-init[973]: |o +  .o  . . . . |
[   14.785702] cloud-init[973]: |.o  oo o  . . o  |
[   14.785739] cloud-init[973]: |...oo.o        E |
[   14.785799] cloud-init[973]: +----[SHA256]-----+
[   14.785834] cloud-init[973]: Generating public/private ed25519 key pair.
[   14.785895] cloud-init[973]: Your identification has been saved in /etc/ssh/ssh_host_ed25519_key.
[   14.785932] cloud-init[973]: Your public key has been saved in /etc/ssh/ssh_host_ed25519_key.pub.
[   14.785992] cloud-init[973]: The key fingerprint is:
[   14.786027] cloud-init[973]: SHA256:SU8OgAirS5F0o6ut/kdBp796PhSAb8/LZReoIPSu7NQ root@ubuntu-xenial
[   14.786087] cloud-init[973]: The key's randomart image is:
[   14.786123] cloud-init[973]: +--[ED25519 256]--+
[   14.786185] cloud-init[973]: |.o +...          |
[   14.786222] cloud-init[973]: |..=ooo o         |
[   14.786463] cloud-init[973]: |.+. + + o o      |
[   14.786504] cloud-init[973]: |. o. B o B .     |
[   14.786570] cloud-init[973]: |.o  + * S o .    |
[   14.786607] cloud-init[973]: |oo  .o * o .     |
[   14.786664] cloud-init[973]: |o o.oEo = .      |
[   14.786701] cloud-init[973]: | ..o . *         |
[   14.786761] cloud-init[973]: |o.oo..+..        |
[   14.786798] cloud-init[973]: +----[SHA256]-----+
[[0;32m  OK  [0m] Reached target Timers.
[[0;32m  OK  [0m] Reached target Network is Online.
         Starting iSCSI initiator daemon (iscsid)...
[[0;32m  OK  [0m] Reached target Cloud-config availability.
[[0;32m  OK  [0m] Listening on LXD - unix socket.
[[0;32m  OK  [0m] Listening on Socket activation for snappy daemon.
[[0;32m  OK  [0m] Reached target Sockets.
[[0;32m  OK  [0m] Reached target Basic System.
[[0;32m  OK  [0m] Started Regular background program processing daemon.
         Starting LXD - container startup/shutdown...
         Starting LSB: Record successful boot for GRUB...
         Starting Login Service...
         Starting /etc/rc.local Compatibility...
         Starting System Logging Service...
         Starting LSB: MD monitoring daemon...
         Starting Pollinate to seed the pseudo random number generator...
         Starting Snappy daemon...
[[0;32m  OK  [0m] Started D-Bus System Message Bus.
[[0;32m  OK  [0m] Started ACPI event daemon.
         Starting Virtualbox guest utils...
         Starting Accounts Service...
[[0;32m  OK  [0m] Started Deferred execution scheduler.
[[0;32m  OK  [0m] Started FUSE filesystem for LXC.
[[0;32m  OK  [0m] Started System Logging Service.
[[0;32m  OK  [0m] Started iSCSI initiator daemon (iscsid).
[[0;32m  OK  [0m] Started LXD - container startup/shutdown.
[[0;32m  OK  [0m] Started /etc/rc.local Compatibility.
         Starting Login to default iSCSI targets...
[[0;32m  OK  [0m] Started LSB: Record successful boot for GRUB.
[[0;32m  OK  [0m] Started Login Service.
[[0;32m  OK  [0m] Started LSB: MD monitoring daemon.
         Starting Authenticate and Authorize Users to Run Privileged Tasks...
[[0;32m  OK  [0m] Started Unattended Upgrades Shutdown.
[[0;32m  OK  [0m] Started Snappy daemon.
         Starting Wait until snapd is fully seeded...
[[0;32m  OK  [0m] Started Authenticate and Authorize Users to Run Privileged Tasks.
[[0;32m  OK  [0m] Started Virtualbox guest utils.
[[0;32m  OK  [0m] Started Login to default iSCSI targets.
[[0;32m  OK  [0m] Started Accounts Service.
[[0;32m  OK  [0m] Reached target Remote File Systems (Pre).
[[0;32m  OK  [0m] Reached target Remote File Systems.
         Starting LSB: Set the CPU Frequency Scaling governor to "ondemand"...
         Starting Permit User Sessions...
         Starting LSB: daemon to balance interrupts for SMP systems...
         Starting LSB: automatic crash report generation...
[[0;32m  OK  [0m] Started Permit User Sessions.
         Starting Terminate Plymouth Boot Screen...
         Starting Hold until boot process finishes up...
[[0;32m  OK  [0m] Started Terminate Plymouth Boot Screen.
[[0;32m  OK  [0m] Started Hold until boot process finishes up.
[[0;32m  OK  [0m] Started Serial Getty on ttyS0.
[[0;32m  OK  [0m] Started Getty on tty1.
[[0;32m  OK  [0m] Reached target Login Prompts.
         Starting Set console scheme...
[[0;32m  OK  [0m] Started LSB: daemon to balance interrupts for SMP systems.
[[0;32m  OK  [0m] Started Set console scheme.
[[0;32m  OK  [0m] Started LSB: Set the CPU Frequency Scaling governor to "ondemand".
[[0;32m  OK  [0m] Started LSB: automatic crash report generation.
[[0;32m  OK  [0m] Started Pollinate to seed the pseudo random number generator.
         Starting OpenBSD Secure Shell server...
[[0;32m  OK  [0m] Started OpenBSD Secure Shell server.
[[0;32m  OK  [0m] Started Wait until snapd is fully seeded.
         Starting Apply the settings specified in cloud-config...
[[0;32m  OK  [0m] Reached target Multi-User System.
[[0;32m  OK  [0m] Reached target Graphical Interface.
         Starting Update UTMP about System Runlevel Changes...
[[0;32m  OK  [0m] Started Update UTMP about System Runlevel Changes.
[   18.971628] cloud-init[1330]: Generating locales (this might take a while)...
[[0;32m  OK  [0m] Created slice User Slice of vagrant.
         Starting User Manager for UID 1000...
[[0;32m  OK  [0m] Started Session 1 of user vagrant.
[[0;32m  OK  [0m] Started User Manager for UID 1000.
[   20.821425] cloud-init[1330]:   en_US.UTF-8... done
[   20.822138] cloud-init[1330]: Generation complete.
[   21.429019] cloud-init[1330]: Cloud-init v. 19.4-33-gbb4131a2-0ubuntu1~16.04.1 running 'modules:config' at Wed, 29 Apr 2020 22:14:39 +0000. Up 18.86 seconds.

Ubuntu 16.04.6 LTS ubuntu-xenial ttyS0

ubuntu-xenial login: ci-info: no authorized SSH keys fingerprints found for user ubuntu.
<14>Apr 29 22:14:43 ec2: 
<14>Apr 29 22:14:43 ec2: #############################################################
<14>Apr 29 22:14:43 ec2: -----BEGIN SSH HOST KEY FINGERPRINTS-----
<14>Apr 29 22:14:43 ec2: 1024 SHA256:6Aw4LSuMZ0f5B2kxIhldWR+n/dF5izhhn85Z4GKsbYQ root@ubuntu-xenial (DSA)
<14>Apr 29 22:14:43 ec2: 256 SHA256:yIC3iiWHz7L8t6TXBsCXeCRjVtlRP0Ef8506CLzpd+c root@ubuntu-xenial (ECDSA)
<14>Apr 29 22:14:43 ec2: 256 SHA256:SU8OgAirS5F0o6ut/kdBp796PhSAb8/LZReoIPSu7NQ root@ubuntu-xenial (ED25519)
<14>Apr 29 22:14:43 ec2: 2048 SHA256:mz7O80OlfnbRJPPGF9lZyi8DnfiWNhTo82MdZNshbUg root@ubuntu-xenial (RSA)
<14>Apr 29 22:14:43 ec2: -----END SSH HOST KEY FINGERPRINTS-----
<14>Apr 29 22:14:43 ec2: #############################################################
-----BEGIN SSH HOST KEY KEYS-----
ecdsa-sha2-nistp256 AAAAE2VjZHNhLXNoYTItbmlzdHAyNTYAAAAIbmlzdHAyNTYAAABBBEOB+OlssVR1XrvkATiqeVvQDtKl1zEhOA7/2sLQFMTUYEmU63tytAm2HWefIxd9nRmQcmJ+2H+tOIoN1Fc6DDk= root@ubuntu-xenial
ssh-ed25519 AAAAC3NzaC1lZDI1NTE5AAAAIAQRG4fnYFgcb7UCbH4YUXDbCr3ZIW6P17Sb1BjbMuv7 root@ubuntu-xenial
ssh-rsa AAAAB3NzaC1yc2EAAAADAQABAAABAQDe0CldCuMBUVSGYaTtWJ6FjcUHCeUleVHVM4/QkXeSaNCTME8dfUUOh6Hxb4Lawk+cf5nbaivI+yQHQg6M+ocgn3m54/feY114T2Bt4SJ7q+Zzcnj0KH3DiFx/+Fi9zfWC9A0Vx3NPCLUBpeRyA0bI4px+eWt/kGhZuRzeBrD+A9pZUZ5o3TiHndvWYmQIopvJAq2hSI3ET1Yh8GKwx5dlk2j4IR9gP+DoCyEndx+xm9OB6JWwcYomTrQLB8tUMJ8YDGSvEBE1JOuWSv86LEExxo8F/h4OU92jOgAJhiTHvL1O9Z6GhRRQw5v7i0kQAPMrysTyj4JAh44R2BUikQcn root@ubuntu-xenial
-----END SSH HOST KEY KEYS-----
[   22.770824] cloud-init[1512]: Cloud-init v. 19.4-33-gbb4131a2-0ubuntu1~16.04.1 running 'modules:final' at Wed, 29 Apr 2020 22:14:42 +0000. Up 22.34 seconds.
[   22.771516] cloud-init[1512]: ci-info: no authorized SSH keys fingerprints found for user ubuntu.
[   22.787255] cloud-init[1512]: Cloud-init v. 19.4-33-gbb4131a2-0ubuntu1~16.04.1 finished at Wed, 29 Apr 2020 22:14:43 +0000. Datasource DataSourceNoCloud [seed=/dev/sdb][dsmode=net].  Up 22.71 seconds
